// Jest Snapshot v1, https://goo.gl/fbAQLP

exports[`Pruebas en el componente PrimeraApp debe mostrar PrimeraApp, correctamente 1`] = `
<Fragment>
  <h1>
    Javier Flores
  </h1>
  <p>
    Soy un subtitulo
  </p>
</Fragment>
`;
